// Jest Snapshot v1, https://goo.gl/fbAQLP

exports[`icons  snapshot should be matched 1`] = `
Array [
  "acorns.svg",
  "add-cash.svg",
  "add.svg",
  "arrow-left.svg",
  "arrow-right.svg",
  "attention.svg",
  "bank.svg",
  "browser.svg",
  "calendar-paused.svg",
  "calendar.svg",
  "camera-add.svg",
  "camera.svg",
  "card.svg",
  "cart.svg",
  "cash-check.svg",
  "cash.svg",
  "chat.svg",
  "check-alt.svg",
  "check-circle-alt.svg",
  "check-circle.svg",
  "check.svg",
  "chevron-circle-down.svg",
  "chevron-circle-up.svg",
  "chevron-down.svg",
  "chevron-left.svg",
  "chevron-right-alt.svg",
  "chevron-right.svg",
  "chevron-up.svg",
  "clear-alt.svg",
  "clear.svg",
  "close.svg",
  "contact-info.svg",
  "critical-alt.svg",
  "desktop.svg",
  "donate.svg",
  "edit.svg",
  "elipsis-vertical.svg",
  "email.svg",
  "error.svg",
  "external-alt.svg",
  "faq.svg",
  "filter.svg",
  "fingerprint.svg",
  "gift.svg",
  "goals.svg",
  "heart.svg",
  "hide-alt.svg",
  "home.svg",
  "info-alt.svg",
  "info.svg",
  "insights.svg",
  "invoice.svg",
  "laptop.svg",
  "link.svg",
  "list-detailed.svg",
  "list-simple.svg",
  "lock-alt.svg",
  "lock.svg",
  "logo-paypal.svg",
  "menu.svg",
  "mobile.svg",
  "money-pools.svg",
  "notification.svg",
  "offers-rewards.svg",
  "order-ahead.svg",
  "pending-paused.svg",
  "pending.svg",
  "phone.svg",
  "photo.svg",
  "play-sm.svg",
  "play.svg",
  "pp-cash-card.svg",
  "ppc-rocket.svg",
  "print.svg",
  "question-alt.svg",
  "recurring-paused.svg",
  "recurring.svg",
  "refresh.svg",
  "request.svg",
  "rocket.svg",
  "scan-to-send.svg",
  "search.svg",
  "send.svg",
  "settings.svg",
  "shield.svg",
  "shipping.svg",
  "show-alt.svg",
  "star-alt.svg",
  "store.svg",
  "support.svg",
  "transfer-money.svg",
  "transfer.svg",
  "trash-alt.svg",
  "trash.svg",
  "unlock-alt.svg",
  "user-add.svg",
  "user.svg",
  "wallet.svg",
  "warning-alt.svg",
  "warning.svg",
  "withdraw-cash.svg",
]
`;

exports[`icons  snapshot should be matched 2`] = `101`;
