// Jest Snapshot v1, https://goo.gl/fbAQLP

exports[`tokens  snapshot should be matched 1`] = `
Object {
  "button": Object {
    "base": Object {
      "active": Object {
        "border-width": Object {
          "value": "2",
        },
      },
      "default": Object {
        "border-radius": Object {
          "value": "50",
        },
        "border-width": Object {
          "value": "1",
        },
      },
    },
    "lg": Object {
      "height": Object {
        "attributes": Object {
          "component": true,
        },
        "value": "48",
      },
      "padding-x": Object {
        "attributes": Object {
          "component": true,
        },
        "value": "24",
      },
      "padding-y": Object {
        "attributes": Object {
          "component": true,
        },
        "value": "12",
      },
    },
    "md": Object {
      "height": Object {
        "attributes": Object {
          "component": true,
        },
        "value": "36",
      },
      "padding-x": Object {
        "attributes": Object {
          "component": true,
        },
        "value": "18",
      },
      "padding-y": Object {
        "attributes": Object {
          "component": true,
        },
        "value": "9",
      },
    },
    "primary": Object {
      "active": Object {
        "background-color": Object {
          "value": "{color.blue.800.value}",
        },
      },
      "default": Object {
        "background-color": Object {
          "value": "{color.blue.600.value}",
        },
        "text-color": Object {
          "value": "{color.white.value}",
        },
      },
    },
    "primary-full": Object {
      "active": Object {
        "background-color": Object {
          "value": "{color.blue.800.value}",
        },
      },
      "default": Object {
        "background-color": Object {
          "value": "{color.blue.600.value}",
        },
        "text-color": Object {
          "value": "{color.white.value}",
        },
      },
      "lg": Object {
        "height": Object {
          "value": "56",
        },
      },
      "md": Object {
        "height": Object {
          "value": "48",
        },
      },
    },
    "primary-inverse": Object {
      "active": Object {
        "background-color": Object {
          "value": "{color.grey.100.value}",
        },
        "text-color": Object {
          "value": "{color.blue.800.value}",
        },
      },
      "default": Object {
        "background-color": Object {
          "value": "{color.white.value}",
        },
        "text-color": Object {
          "value": "{color.blue.600.value}",
        },
      },
    },
    "secondary": Object {
      "active": Object {
        "border-color": Object {
          "value": "{color.blue.800.value}",
        },
        "text-color": Object {
          "value": "{color.blue.800.value}",
        },
      },
      "default": Object {
        "background-color": Object {
          "value": "{color.transparent.value}",
        },
        "border-color": Object {
          "value": "{color.blue.600.value}",
        },
        "text-color": Object {
          "value": "{color.blue.600.value}",
        },
      },
    },
    "secondary-inverse": Object {
      "default": Object {
        "background-color": Object {
          "value": "{color.transparent.value}",
        },
        "border-color": Object {
          "value": "{color.white.value}",
        },
        "text-color": Object {
          "value": "{color.white.value}",
        },
      },
    },
    "sm": Object {
      "height": Object {
        "attributes": Object {
          "component": true,
        },
        "value": "30",
      },
      "padding-x": Object {
        "attributes": Object {
          "component": true,
        },
        "value": "15",
      },
      "padding-y": Object {
        "attributes": Object {
          "component": true,
        },
        "value": "6",
      },
    },
  },
  "color": Object {
    "black": Object {
      "attributes": Object {
        "base": true,
      },
      "value": "#000000",
    },
    "blue": Object {
      "100": Object {
        "attributes": Object {
          "base": true,
        },
        "value": "#F5FBFE",
      },
      "200": Object {
        "attributes": Object {
          "base": true,
        },
        "value": "#E4F1FB",
      },
      "300": Object {
        "attributes": Object {
          "base": true,
        },
        "value": "#BFDBEE",
      },
      "400": Object {
        "attributes": Object {
          "base": true,
        },
        "value": "#50C7F9",
      },
      "500": Object {
        "attributes": Object {
          "base": true,
        },
        "value": "#009CDE",
      },
      "600": Object {
        "attributes": Object {
          "base": true,
        },
        "value": "#0070BA",
      },
      "700": Object {
        "attributes": Object {
          "base": true,
        },
        "value": "#005EA6",
      },
      "800": Object {
        "attributes": Object {
          "base": true,
        },
        "value": "#003087",
      },
    },
    "green": Object {
      "100": Object {
        "attributes": Object {
          "base": true,
        },
        "value": "#F5FDFB",
      },
      "500": Object {
        "attributes": Object {
          "base": true,
        },
        "value": "#00CF92",
      },
      "600": Object {
        "attributes": Object {
          "base": true,
        },
        "value": "#299976",
      },
      "700": Object {
        "attributes": Object {
          "base": true,
        },
        "value": "#018065",
      },
    },
    "grey": Object {
      "100": Object {
        "attributes": Object {
          "base": true,
        },
        "value": "#F5F7FA",
      },
      "200": Object {
        "attributes": Object {
          "base": true,
        },
        "value": "#EAECED",
      },
      "300": Object {
        "attributes": Object {
          "base": true,
        },
        "value": "#CBD2D6",
      },
      "400": Object {
        "attributes": Object {
          "base": true,
        },
        "value": "#B7BCBF",
      },
      "500": Object {
        "attributes": Object {
          "base": true,
        },
        "value": "#9DA3A6",
      },
      "600": Object {
        "attributes": Object {
          "base": true,
        },
        "value": "#687173",
      },
      "700": Object {
        "attributes": Object {
          "base": true,
        },
        "value": "#2C2E2F",
      },
    },
    "orange": Object {
      "100": Object {
        "attributes": Object {
          "base": true,
        },
        "value": "#FFFBF5",
      },
      "300": Object {
        "attributes": Object {
          "base": true,
        },
        "value": "#FFBD5D",
      },
      "500": Object {
        "attributes": Object {
          "base": true,
        },
        "value": "#FF9600",
      },
      "700": Object {
        "attributes": Object {
          "base": true,
        },
        "value": "#D64003",
      },
    },
    "pink": Object {
      "500": Object {
        "attributes": Object {
          "base": true,
        },
        "value": "#DE0063",
      },
    },
    "purple": Object {
      "500": Object {
        "attributes": Object {
          "base": true,
        },
        "value": "#640487",
      },
    },
    "red": Object {
      "100": Object {
        "attributes": Object {
          "base": true,
        },
        "value": "#FFF7F7",
      },
      "500": Object {
        "attributes": Object {
          "base": true,
        },
        "value": "#D20000",
      },
    },
    "transparent": Object {
      "attributes": Object {
        "base": true,
      },
      "value": "#00000000",
    },
    "white": Object {
      "attributes": Object {
        "base": true,
      },
      "value": "#FFFFFF",
    },
  },
  "font-family": Object {
    "big": Object {
      "light": Object {
        "value": "\\"PayPalSansBig-Light\\"",
      },
      "medium": Object {
        "value": "\\"PayPalSansBig-Medium\\"",
      },
      "regular": Object {
        "value": "\\"PayPalSansBig-Regular\\"",
      },
    },
    "small": Object {
      "medium": Object {
        "value": "\\"PayPalSansSmall-Medium\\"",
      },
      "regular": Object {
        "value": "\\"PayPalSansSmall-Regular\\"",
      },
    },
  },
  "font-weight": Object {
    "1": Object {
      "value": "300",
    },
    "2": Object {
      "value": "500",
    },
    "3": Object {
      "value": "700",
    },
  },
  "icon": Object {
    "lg": Object {
      "size": Object {
        "value": 36,
      },
    },
    "md": Object {
      "size": Object {
        "value": 30,
      },
    },
    "sm": Object {
      "size": Object {
        "value": 24,
      },
    },
    "xl": Object {
      "size": Object {
        "value": 40,
      },
    },
    "xl2": Object {
      "size": Object {
        "value": 48,
      },
    },
    "xs": Object {
      "size": Object {
        "value": 18,
      },
    },
  },
  "link": Object {
    "primary": Object {
      "active": Object {
        "text-color": Object {
          "metadata": Object {
            "filter": Object {
              "android": false,
              "ios": false,
            },
          },
          "value": "{color.blue.800.value}",
        },
      },
      "default": Object {
        "text-color": Object {
          "metadata": Object {
            "filter": Object {
              "android": false,
              "ios": false,
            },
          },
          "value": "{color.blue.600.value}",
        },
      },
    },
    "primary-inverse": Object {
      "default": Object {
        "text-color": Object {
          "metadata": Object {
            "filter": Object {
              "android": false,
              "ios": false,
            },
          },
          "value": "{color.white.value}",
        },
      },
    },
    "secondary": Object {
      "default": Object {
        "text-color": Object {
          "metadata": Object {
            "filter": Object {
              "android": false,
              "ios": false,
            },
          },
          "value": "{color.grey.700.value}",
        },
      },
    },
  },
  "size": Object {
    "base": Object {
      "100": Object {
        "attributes": Object {
          "base": true,
        },
        "value": "1",
      },
      "1000": Object {
        "attributes": Object {
          "base": true,
        },
        "value": "48",
      },
      "1100": Object {
        "attributes": Object {
          "base": true,
        },
        "value": "56",
      },
      "1200": Object {
        "attributes": Object {
          "base": true,
        },
        "value": "64",
      },
      "1300": Object {
        "attributes": Object {
          "base": true,
        },
        "value": "72",
      },
      "1400": Object {
        "attributes": Object {
          "base": true,
        },
        "value": "84",
      },
      "1500": Object {
        "attributes": Object {
          "base": true,
        },
        "value": "96",
      },
      "200": Object {
        "attributes": Object {
          "base": true,
        },
        "value": "2",
      },
      "300": Object {
        "attributes": Object {
          "base": true,
        },
        "value": "4",
      },
      "400": Object {
        "attributes": Object {
          "base": true,
        },
        "value": "8",
      },
      "500": Object {
        "attributes": Object {
          "base": true,
        },
        "value": "12",
      },
      "600": Object {
        "attributes": Object {
          "base": true,
        },
        "value": "16",
      },
      "700": Object {
        "attributes": Object {
          "base": true,
        },
        "value": "24",
      },
      "800": Object {
        "attributes": Object {
          "base": true,
        },
        "value": "32",
      },
      "900": Object {
        "attributes": Object {
          "base": true,
        },
        "value": "36",
      },
    },
    "text": Object {
      "lg": Object {
        "attributes": Object {
          "base": true,
        },
        "value": "18",
      },
      "md": Object {
        "attributes": Object {
          "base": true,
        },
        "value": "15",
      },
      "sm": Object {
        "attributes": Object {
          "base": true,
        },
        "value": "13",
      },
      "xl": Object {
        "attributes": Object {
          "base": true,
        },
        "value": "20",
      },
      "xl2": Object {
        "attributes": Object {
          "base": true,
        },
        "value": "24",
      },
      "xl3": Object {
        "attributes": Object {
          "base": true,
        },
        "value": "30",
      },
      "xl4": Object {
        "attributes": Object {
          "base": true,
        },
        "value": "40",
      },
      "xl5": Object {
        "attributes": Object {
          "base": true,
        },
        "value": "50",
      },
      "xl6": Object {
        "attributes": Object {
          "base": true,
        },
        "value": "60",
      },
      "xl7": Object {
        "attributes": Object {
          "base": true,
        },
        "value": "72",
      },
      "xl8": Object {
        "attributes": Object {
          "base": true,
        },
        "value": "80",
      },
      "xs": Object {
        "attributes": Object {
          "base": true,
        },
        "value": "11",
      },
    },
  },
  "spacing": Object {
    "base": Object {
      "100": Object {
        "attributes": Object {
          "base": true,
        },
        "value": "1",
      },
      "200": Object {
        "attributes": Object {
          "base": true,
        },
        "value": "2",
      },
    },
  },
  "text": Object {
    "lg": Object {
      "font-size": Object {
        "value": "18",
      },
      "line-height": Object {
        "value": "1.33",
      },
    },
    "md": Object {
      "font-size": Object {
        "value": "15",
      },
      "line-height": Object {
        "value": "1.6",
      },
    },
    "sm": Object {
      "font-size": Object {
        "value": "13",
      },
      "line-height": Object {
        "value": "1.38",
      },
    },
    "xl": Object {
      "font-size": Object {
        "value": "20",
      },
      "line-height": Object {
        "value": "1.5",
      },
    },
    "xl2": Object {
      "font-size": Object {
        "value": "24",
      },
      "line-height": Object {
        "value": "1.5",
      },
    },
    "xl3": Object {
      "font-size": Object {
        "value": "30",
      },
      "line-height": Object {
        "value": "1.2",
      },
    },
    "xl4": Object {
      "font-size": Object {
        "value": "40",
      },
      "line-height": Object {
        "value": "1.2",
      },
    },
    "xl5": Object {
      "font-size": Object {
        "value": "50",
      },
      "line-height": Object {
        "value": "1.2",
      },
    },
    "xl6": Object {
      "font-size": Object {
        "value": "60",
      },
      "line-height": Object {
        "value": "1.2",
      },
    },
    "xl7": Object {
      "font-size": Object {
        "value": "72",
      },
      "line-height": Object {
        "value": "1.16",
      },
    },
    "xl8": Object {
      "font-size": Object {
        "value": "80",
      },
      "line-height": Object {
        "value": "1.2",
      },
    },
    "xs": Object {
      "font-size": Object {
        "value": "11",
      },
      "line-height": Object {
        "value": "1.36",
      },
    },
  },
  "time": Object {
    "base": Object {
      "100": Object {
        "attributes": Object {
          "base": true,
        },
        "value": "100",
      },
      "1000": Object {
        "attributes": Object {
          "base": true,
        },
        "value": "1000",
      },
      "200": Object {
        "attributes": Object {
          "base": true,
        },
        "value": "200",
      },
      "300": Object {
        "attributes": Object {
          "base": true,
        },
        "value": "300",
      },
      "400": Object {
        "attributes": Object {
          "base": true,
        },
        "value": "400",
      },
      "500": Object {
        "attributes": Object {
          "base": true,
        },
        "value": "500",
      },
      "600": Object {
        "attributes": Object {
          "base": true,
        },
        "value": "600",
      },
      "700": Object {
        "attributes": Object {
          "base": true,
        },
        "value": "700",
      },
      "800": Object {
        "attributes": Object {
          "base": true,
        },
        "value": "800",
      },
      "900": Object {
        "attributes": Object {
          "base": true,
        },
        "value": "900",
      },
    },
    "delay": Object {
      "long": Object {
        "attributes": Object {
          "base": true,
        },
        "value": "1000",
      },
      "medium": Object {
        "attributes": Object {
          "base": true,
        },
        "value": "500",
      },
      "none": Object {
        "attributes": Object {
          "base": true,
        },
        "value": "0",
      },
      "short": Object {
        "attributes": Object {
          "base": true,
        },
        "value": "200",
      },
    },
    "duration": Object {
      "instant": Object {
        "attributes": Object {
          "base": true,
        },
        "value": "0",
      },
      "long": Object {
        "attributes": Object {
          "base": true,
        },
        "value": "300",
      },
      "medium": Object {
        "attributes": Object {
          "base": true,
        },
        "value": "200",
      },
      "short": Object {
        "attributes": Object {
          "base": true,
        },
        "value": "100",
      },
    },
  },
}
`;
